time="2026-05-18 14:07:02.086" level=info msg="Login server initializing..."
time="2026-05-18T14:07:02Z" level=info msg="Service registered: login :7061"
 Path=./logs, Level=info"
time="2026-05-18 14:07:02.087" level=info msg="Initializing snowflake with workerID: 1"
time="2026-05-18 14:07:02.087" level=info msg="Connecting to Redis at localhost:6379"
time="2026-05-18 14:07:02.088" level=info msg="Connected to Redis successfully"
time="2026-05-18 14:07:02.088" level=info msg="Connecting to etcd at localhost:2379"
time="2026-05-18 14:07:02.091" level=info msg="Connected to etcd successfully"
time="2026-05-18 14:07:02.091" level=info msg="Registering login service at :7061"
time="2026-05-18 14:07:02.101" level=warning msg="Failed to discover webserver for log forwarding, retrying in 5s..."
time="2026-05-18 14:07:02.104" level=info msg="Creating LoginHandler and starting network server"
time="2026-05-18 14:07:02.104" level=info msg="Login server started successfully on :7061"
time="2026-05-18 14:07:02.104" level=info msg="Network server started on :7061"
time="2026-05-18 14:07:07.105" level=warning msg="Failed to discover webserver for log forwarding, retrying in 5s..."
time="2026-05-18 14:07:12.114" level=warning msg="Failed to discover webserver for log forwarding, retrying in 5s..."
time="2026-05-18 14:07:17.119" level=info msg="Log server set to: :7070"
time="2026-05-18 14:07:43.894" level=info msg="New connection from: 127.0.0.1:45198"
time="2026-05-18 14:07:43.894" level=info msg="Login server received message from 127.0.0.1:45198 - MsgID:1001(MSG_LOGIN_REQ)"
time="2026-05-18 14:07:43.894" level=info msg="Login request: Account=bighat, DeviceID=web-client"
time="2026-05-18 14:07:43.900" level=info msg="Session created: SessionID=314766006000029696, PlayerID=314298200666148860"
time="2026-05-18 14:07:43.900" level=info msg="Login successful: Account=bighat, PlayerID=314298200666148860"
time="2026-05-18 14:16:38.819" level=info msg="Shutting down login server..."
time="2026-05-18 14:16:38.819" level=info msg="Network server stopped"
time="2026-05-18 14:16:38.819" level=info msg="Login server shutdown complete"
time="2026-05-18 14:27:00.654" level=info msg="Login server using log config: Path=./logs, Level=info"
time="2026-05-18 14:27:00.654" level=info msg="Initializing snowflake with workerID: 1"
time="2026-05-18 14:27:00.654" level=info msg="Connecting to Redis at localhost:6379"
time="2026-05-18 14:27:00.655" level=info msg="Connected to Redis successfully"
time="2026-05-18 14:27:00.656" level=info msg="Connecting to etcd at localhost:2379"
time="2026-05-18 14:27:00.657" level=info msg="Connected to etcd successfully"
time="2026-05-18 14:27:00.657" level=info msg="Registering login service at :7061"
time="2026-05-18 14:27:00.663" level=warning msg="Failed to discover webserver for log forwarding, retrying in 5s..."
time="2026-05-18 14:27:00.666" level=info msg="Creating LoginHandler and starting network server"
time="2026-05-18 14:27:00.666" level=info msg="Login server started successfully on :7061"
time="2026-05-18 14:27:00.667" level=info msg="Network server started on :7061"
time="2026-05-18 14:27:05.666" level=warning msg="Failed to discover webserver for log forwarding, retrying in 5s..."
time="2026-05-18 14:27:10.671" level=warning msg="Failed to discover webserver for log forwarding, retrying in 5s..."
time="2026-05-18 14:27:15.676" level=warning msg="Failed to discover webserver for log forwarding, retrying in 5s..."
time="2026-05-18 14:27:20.677" level=warning msg="Failed to discover webserver for log forwarding, retrying in 5s..."
time="2026-05-18 14:27:25.682" level=warning msg="Failed to discover webserver for log forwarding, retrying in 5s..."
time="2026-05-18 14:27:30.687" level=warning msg="Failed to discover webserver for log forwarding, retrying in 5s..."
time="2026-05-18 14:27:35.692" level=warning msg="Failed to discover webserver for log forwarding, retrying in 5s..."
time="2026-05-18 14:27:40.694" level=warning msg="Failed to discover webserver for log forwarding, retrying in 5s..."
time="2026-05-18 14:27:45.698" level=warning msg="Failed to discover webserver for log forwarding, retrying in 5s..."
time="2026-05-18 14:27:50.700" level=warning msg="Failed to discover webserver for log forwarding, retrying in 5s..."
time="2026-05-18 14:27:55.705" level=warning msg="Failed to discover webserver for log forwarding, retrying in 5s..."
time="2026-05-18 14:28:00.706" level=warning msg="Failed to discover webserver for log forwarding, retrying in 5s..."
time="2026-05-18 14:28:05.712" level=warning msg="Failed to discover webserver for log forwarding, retrying in 5s..."
time="2026-05-18 14:28:10.717" level=warning msg="Failed to discover webserver for log forwarding, retrying in 5s..."
time="2026-05-18 14:29:02.468" level=info msg="Login server using log config: Path=./logs, Level=info"
time="2026-05-18 14:29:02.469" level=info msg="Initializing snowflake with workerID: 1"
time="2026-05-18 14:29:02.469" level=info msg="Connecting to Redis at localhost:6379"
time="2026-05-18 14:29:02.470" level=info msg="Connected to Redis successfully"
time="2026-05-18 14:29:02.470" level=info msg="Connecting to etcd at localhost:2379"
time="2026-05-18 14:29:02.473" level=info msg="Connected to etcd successfully"
time="2026-05-18 14:29:02.474" level=info msg="Registering login service at :7061"
time="2026-05-18 14:29:02.478" level=info msg="Log server set to: :7070"
time="2026-05-18 14:29:02.480" level=info msg="Creating LoginHandler and starting network server"
time="2026-05-18 14:29:02.480" level=info msg="Login server started successfully on :7061"
time="2026-05-18 14:29:02.480" level=info msg="Network server started on :7061"
time="2026-05-18 14:30:02.304" level=info msg="New connection from: 127.0.0.1:52340"
time="2026-05-18 14:30:02.305" level=info msg="Login server received message from 127.0.0.1:52340 - MsgID:1001(MSG_LOGIN_REQ)"
time="2026-05-18 14:30:02.305" level=info msg="Login request: Account=bighat, DeviceID=web-client"
time="2026-05-18 14:30:02.316" level=info msg="Session created: SessionID=314771619723612160, PlayerID=314298200666148860"
time="2026-05-18 14:30:02.316" level=info msg="Login successful: Account=bighat, PlayerID=314298200666148860"
time="2026-05-18 14:30:48.094" level=info msg="Login server received message from 127.0.0.1:52340 - MsgID:1001(MSG_LOGIN_REQ)"
time="2026-05-18 14:30:48.094" level=info msg="Login request: Account=bighat, DeviceID=web-client"
time="2026-05-18 14:30:48.101" level=info msg="Session created: SessionID=314771811759820800, PlayerID=314298200666148860"
time="2026-05-18 14:30:48.101" level=info msg="Login successful: Account=bighat, PlayerID=314298200666148860"
time="2026-05-18 14:31:11.920" level=info msg="Login server received message from 127.0.0.1:52340 - MsgID:1001(MSG_LOGIN_REQ)"
time="2026-05-18 14:31:11.921" level=info msg="Login request: Account=bighat, DeviceID=web-client"
time="2026-05-18 14:31:11.928" level=info msg="Session created: SessionID=314771911697502208, PlayerID=314298200666148860"
time="2026-05-18 14:31:11.928" level=info msg="Login successful: Account=bighat, PlayerID=314298200666148860"
time="2026-05-18 14:35:59.748" level=info msg="Login server using log config: Path=./logs, Level=info"
time="2026-05-18 14:35:59.748" level=info msg="Initializing snowflake with workerID: 1"
time="2026-05-18 14:35:59.748" level=info msg="Connecting to Redis at localhost:6379"
time="2026-05-18 14:35:59.750" level=info msg="Connected to Redis successfully"
time="2026-05-18 14:35:59.750" level=info msg="Connecting to etcd at localhost:2379"
time="2026-05-18 14:35:59.755" level=info msg="Connected to etcd successfully"
time="2026-05-18 14:35:59.755" level=info msg="Registering login service at :7061"
time="2026-05-18 14:35:59.758" level=info msg="Log server set to: :7070"
time="2026-05-18 14:35:59.760" level=info msg="Creating LoginHandler and starting network server"
time="2026-05-18 14:35:59.760" level=info msg="Login server started successfully on :7061"
time="2026-05-18 14:35:59.761" level=info msg="Network server started on :7061"
time="2026-05-18 14:36:11.934" level=info msg="New connection from: 127.0.0.1:37792"
time="2026-05-18 14:36:11.935" level=info msg="Login server received message from 127.0.0.1:37792 - MsgID:1001(MSG_LOGIN_REQ)"
time="2026-05-18 14:36:17.720" level=info msg="Login request: Account=bighat, DeviceID=web-client"
time="2026-05-18 14:37:28.004" level=info msg="Login server using log config: Path=./logs, Level=info"
time="2026-05-18 14:37:28.005" level=info msg="Initializing snowflake with workerID: 1"
time="2026-05-18 14:37:28.005" level=info msg="Connecting to Redis at localhost:6379"
time="2026-05-18 14:37:28.006" level=info msg="Connected to Redis successfully"
time="2026-05-18 14:37:28.006" level=info msg="Connecting to etcd at localhost:2379"
time="2026-05-18 14:37:28.007" level=info msg="Connected to etcd successfully"
time="2026-05-18 14:37:28.008" level=info msg="Registering login service at :7061"
time="2026-05-18 14:37:28.014" level=info msg="Log server set to: :7070"
time="2026-05-18 14:37:28.024" level=info msg="Creating LoginHandler and starting network server"
time="2026-05-18 14:37:28.024" level=info msg="Login server started successfully on :7061"
time="2026-05-18 14:37:28.024" level=info msg="Network server started on :7061"
time="2026-05-18 14:37:47.197" level=info msg="Login server using log config: Path=./logs, Level=info"
time="2026-05-18 14:37:47.197" level=info msg="Initializing snowflake with workerID: 1"
time="2026-05-18 14:37:47.197" level=info msg="Connecting to Redis at localhost:6379"
time="2026-05-18 14:37:47.198" level=info msg="Connected to Redis successfully"
time="2026-05-18 14:37:47.198" level=info msg="Connecting to etcd at localhost:2379"
time="2026-05-18 14:37:47.199" level=info msg="Connected to etcd successfully"
time="2026-05-18 14:37:47.199" level=info msg="Registering login service at :7061"
time="2026-05-18 14:37:47.204" level=info msg="Log server set to: :7070"
time="2026-05-18 14:37:47.207" level=info msg="Creating LoginHandler and starting network server"
time="2026-05-18 14:37:47.207" level=info msg="Login server started successfully on :7061"
time="2026-05-18 14:37:47.207" level=info msg="Network server started on :7061"
time="2026-05-18 14:37:52.775" level=info msg="New connection from: 127.0.0.1:41434"
time="2026-05-18 14:37:52.775" level=info msg="Login server received message from 127.0.0.1:41434 - MsgID:1001(MSG_LOGIN_REQ)"
time="2026-05-18 14:38:01.267" level=info msg="Login request: Account=bighat, DeviceID=web-client"
time="2026-05-18 14:39:17.274" level=error msg="Failed to get player:read tcp 127.0.0.1:56062->127.0.0.1:7066: i/o timeout"
time="2026-05-18 14:40:09.521" level=info msg="Login server using log config: Path=./logs, Level=info"
time="2026-05-18 14:40:09.521" level=info msg="Initializing snowflake with workerID: 1"
time="2026-05-18 14:40:09.521" level=info msg="Connecting to Redis at localhost:6379"
time="2026-05-18 14:40:09.522" level=info msg="Connected to Redis successfully"
time="2026-05-18 14:40:09.522" level=info msg="Connecting to etcd at localhost:2379"
time="2026-05-18 14:40:09.524" level=info msg="Connected to etcd successfully"
time="2026-05-18 14:40:09.524" level=info msg="Registering login service at :7061"
time="2026-05-18 14:40:09.531" level=info msg="Log server set to: :7070"
time="2026-05-18 14:40:09.534" level=info msg="Creating LoginHandler and starting network server"
time="2026-05-18 14:40:09.534" level=info msg="Login server started successfully on :7061"
time="2026-05-18 14:40:09.535" level=info msg="Network server started on :7061"
time="2026-05-18 14:40:12.932" level=info msg="New connection from: 127.0.0.1:41674"
time="2026-05-18 14:40:12.933" level=info msg="Login server received message from 127.0.0.1:41674 - MsgID:1001(MSG_LOGIN_REQ)"
time="2026-05-18 14:40:18.891" level=info msg="Login request: Account=bighat, DeviceID=web-client"
time="2026-05-18 14:40:27.480" level=error msg="Failed to get player:read tcp 127.0.0.1:39370->127.0.0.1:7066: i/o timeout"
time="2026-05-18 14:42:10.125" level=info msg="Login server using log config: Path=./logs, Level=info"
time="2026-05-18 14:42:10.125" level=info msg="Initializing snowflake with workerID: 1"
time="2026-05-18 14:42:10.125" level=info msg="Connecting to Redis at localhost:6379"
time="2026-05-18 14:42:10.126" level=info msg="Connected to Redis successfully"
time="2026-05-18 14:42:10.126" level=info msg="Connecting to etcd at localhost:2379"
time="2026-05-18 14:42:10.128" level=info msg="Connected to etcd successfully"
time="2026-05-18 14:42:10.128" level=info msg="Registering login service at :7061"
time="2026-05-18 14:42:10.133" level=info msg="Log server set to: :7070"
time="2026-05-18 14:42:10.136" level=info msg="Creating LoginHandler and starting network server"
time="2026-05-18 14:42:10.136" level=info msg="Login server started successfully on :7061"
time="2026-05-18 14:42:10.136" level=info msg="Network server started on :7061"
time="2026-05-18 14:42:13.907" level=info msg="New connection from: 127.0.0.1:55092"
time="2026-05-18 14:42:13.907" level=info msg="Login server received message from 127.0.0.1:55092 - MsgID:1001(MSG_LOGIN_REQ)"
time="2026-05-18 14:42:13.908" level=info msg="Login request: Account=bighat, DeviceID=web-client"
time="2026-05-18 14:42:13.915" level=info msg="Session created: SessionID=314774688272224256, PlayerID=314298200666148860"
time="2026-05-18 14:42:13.915" level=info msg="Login successful: Account=bighat, PlayerID=314298200666148860"
time="2026-05-18 14:45:59.618" level=info msg="Login server using log config: Path=./logs, Level=info"
time="2026-05-18 14:45:59.618" level=info msg="Initializing snowflake with workerID: 1"
time="2026-05-18 14:45:59.618" level=info msg="Connecting to Redis at localhost:6379"
time="2026-05-18 14:45:59.619" level=info msg="Connected to Redis successfully"
time="2026-05-18 14:45:59.620" level=info msg="Connecting to etcd at localhost:2379"
time="2026-05-18 14:45:59.621" level=info msg="Connected to etcd successfully"
time="2026-05-18 14:45:59.621" level=info msg="Registering login service at :7061"
time="2026-05-18 14:45:59.626" level=info msg="Log server set to: :7070"
time="2026-05-18 14:45:59.629" level=info msg="Creating LoginHandler and starting network server"
time="2026-05-18 14:45:59.629" level=info msg="Login server started successfully on :7061"
time="2026-05-18 14:45:59.629" level=info msg="Network server started on :7061"
time="2026-05-18 14:46:03.366" level=info msg="New connection from: 127.0.0.1:50906"
time="2026-05-18 14:46:03.366" level=info msg="Login server received message from 127.0.0.1:50906 - MsgID:1001(MSG_LOGIN_REQ)"
time="2026-05-18 14:46:03.366" level=info msg="Login request: Account=bighat, DeviceID=web-client"
time="2026-05-18 14:46:03.377" level=info msg="Session created: SessionID=314775650705608704, PlayerID=314298200666148860"
time="2026-05-18 14:46:03.377" level=info msg="Login successful: Account=bighat, PlayerID=314298200666148860"
time="2026-05-18 14:48:02.727" level=info msg="Login server using log config: Path=./logs, Level=info"
time="2026-05-18 14:48:02.727" level=info msg="Initializing snowflake with workerID: 1"
time="2026-05-18 14:48:02.727" level=info msg="Connecting to Redis at localhost:6379"
time="2026-05-18 14:48:02.728" level=info msg="Connected to Redis successfully"
time="2026-05-18 14:48:02.728" level=info msg="Connecting to etcd at localhost:2379"
time="2026-05-18 14:48:02.730" level=info msg="Connected to etcd successfully"
time="2026-05-18 14:48:02.730" level=info msg="Registering login service at :7061"
time="2026-05-18 14:48:02.735" level=info msg="Log server set to: :7070"
time="2026-05-18 14:48:02.738" level=info msg="Creating LoginHandler and starting network server"
time="2026-05-18 14:48:02.738" level=info msg="Login server started successfully on :7061"
time="2026-05-18 14:48:02.738" level=info msg="Network server started on :7061"
time="2026-05-18 14:48:18.045" level=info msg="New connection from: 127.0.0.1:52078"
time="2026-05-18 14:48:18.045" level=info msg="Login server received message from 127.0.0.1:52078 - MsgID:1001(MSG_LOGIN_REQ)"
time="2026-05-18 14:48:18.045" level=info msg="Login request: Account=bighat, DeviceID=web-client"
time="2026-05-18 14:49:01.339" level=info msg="Login server using log config: Path=./logs, Level=info"
time="2026-05-18 14:49:01.339" level=info msg="Initializing snowflake with workerID: 1"
time="2026-05-18 14:49:01.339" level=info msg="Connecting to Redis at localhost:6379"
time="2026-05-18 14:49:01.340" level=info msg="Connected to Redis successfully"
time="2026-05-18 14:49:01.341" level=info msg="Connecting to etcd at localhost:2379"
time="2026-05-18 14:49:01.342" level=info msg="Connected to etcd successfully"
time="2026-05-18 14:49:01.342" level=info msg="Registering login service at :7061"
time="2026-05-18 14:49:01.348" level=info msg="Log server set to: :7070"
time="2026-05-18 14:49:01.350" level=info msg="Creating LoginHandler and starting network server"
time="2026-05-18 14:49:01.350" level=info msg="Login server started successfully on :7061"
time="2026-05-18 14:49:01.351" level=info msg="Network server started on :7061"
time="2026-05-18 14:49:09.601" level=info msg="New connection from: 127.0.0.1:38996"
time="2026-05-18 14:49:09.601" level=info msg="Login server received message from 127.0.0.1:38996 - MsgID:1001(MSG_LOGIN_REQ)"
time="2026-05-18 14:49:09.601" level=info msg="Login request: Account=bighat, DeviceID=web-client"
time="2026-05-18 14:49:14.608" level=error msg="Failed to get player:read tcp 127.0.0.1:51304->127.0.0.1:7066: i/o timeout"
time="2026-05-18 14:50:55.443" level=info msg="Login server using log config: Path=./logs, Level=info"
time="2026-05-18 14:50:55.443" level=info msg="Initializing snowflake with workerID: 1"
time="2026-05-18 14:50:55.443" level=info msg="Connecting to Redis at localhost:6379"
time="2026-05-18 14:50:55.444" level=info msg="Connected to Redis successfully"
time="2026-05-18 14:50:55.444" level=info msg="Connecting to etcd at localhost:2379"
time="2026-05-18 14:50:55.446" level=info msg="Connected to etcd successfully"
time="2026-05-18 14:50:55.446" level=info msg="Registering login service at :7061"
time="2026-05-18 14:50:55.452" level=info msg="Log server set to: :7070"
time="2026-05-18 14:50:55.454" level=info msg="Creating LoginHandler and starting network server"
time="2026-05-18 14:50:55.454" level=info msg="Login server started successfully on :7061"
time="2026-05-18 14:50:55.455" level=info msg="Network server started on :7061"
time="2026-05-18 14:51:02.921" level=info msg="New connection from: 127.0.0.1:37322"
time="2026-05-18 14:51:02.921" level=info msg="Login server received message from 127.0.0.1:37322 - MsgID:1001(MSG_LOGIN_REQ)"
time="2026-05-18 14:51:02.921" level=info msg="Login request: Account=bighat, DeviceID=web-client"
time="2026-05-18 14:51:02.929" level=info msg="Session created: SessionID=314776907117760512, PlayerID=1"
time="2026-05-18 14:51:02.929" level=info msg="Login successful: Account=bighat, PlayerID=1"
time="2026-05-18 14:52:26.411" level=info msg="Login server received message from 127.0.0.1:37322 - MsgID:1001(MSG_LOGIN_REQ)"
time="2026-05-18 14:52:26.411" level=info msg="Login request: Account=bighat, DeviceID=web-client"
time="2026-05-18 14:52:26.418" level=info msg="Session created: SessionID=314777257296007168, PlayerID=1"
time="2026-05-18 14:52:26.418" level=info msg="Login successful: Account=bighat, PlayerID=1"
time="2026-05-18 14:52:54.942" level=info msg="Login server received message from 127.0.0.1:37322 - MsgID:1001(MSG_LOGIN_REQ)"
time="2026-05-18 14:52:54.942" level=info msg="Login request: Account=bighat, DeviceID=web-client"
time="2026-05-18 14:52:54.948" level=info msg="Session created: SessionID=314777376959500288, PlayerID=1"
time="2026-05-18 14:52:54.949" level=info msg="Login successful: Account=bighat, PlayerID=1"
time="2026-05-18 14:53:52.903" level=info msg="Login server received message from 127.0.0.1:37322 - MsgID:1001(MSG_LOGIN_REQ)"
time="2026-05-18 14:53:52.903" level=info msg="Login request: Account=bighat, DeviceID=web-client"
time="2026-05-18 14:53:52.911" level=info msg="Session created: SessionID=314777620069748736, PlayerID=1"
time="2026-05-18 14:53:52.911" level=info msg="Login successful: Account=bighat, PlayerID=1"
time="2026-05-18 15:00:07.220" level=info msg="Login server using log config: Path=./logs, Level=info"
time="2026-05-18 15:00:07.220" level=info msg="Initializing snowflake with workerID: 1"
time="2026-05-18 15:00:07.220" level=info msg="Connecting to Redis at localhost:6379"
time="2026-05-18 15:00:07.221" level=info msg="Connected to Redis successfully"
time="2026-05-18 15:00:07.221" level=info msg="Connecting to etcd at localhost:2379"
time="2026-05-18 15:00:07.223" level=info msg="Connected to etcd successfully"
time="2026-05-18 15:00:07.223" level=info msg="Registering login service at :7061"
time="2026-05-18 15:00:07.233" level=info msg="Log server set to: :7070"
time="2026-05-18 15:00:07.234" level=info msg="Creating LoginHandler and starting network server"
time="2026-05-18 15:00:07.234" level=info msg="Login server started successfully on :7061"
time="2026-05-18 15:00:07.235" level=info msg="Network server started on :7061"
time="2026-05-18 15:01:06.153" level=info msg="New connection from: 127.0.0.1:44022"
time="2026-05-18 15:01:06.153" level=info msg="Login server received message from 127.0.0.1:44022 - MsgID:1001(MSG_LOGIN_REQ)"
time="2026-05-18 15:01:06.153" level=info msg="Login request: Account=bighat, DeviceID=web-client"
time="2026-05-18 15:01:06.166" level=info msg="Session created: SessionID=314779437277122560, PlayerID=1"
time="2026-05-18 15:01:06.166" level=info msg="Login successful: Account=bighat, PlayerID=1"
time="2026-05-18 15:02:05.394" level=info msg="Login server received message from 127.0.0.1:44022 - MsgID:1001(MSG_LOGIN_REQ)"
time="2026-05-18 15:02:05.394" level=info msg="Login request: Account=bighat, DeviceID=web-client"
time="2026-05-18 15:02:05.395" level=error msg="Failed to get account:no service found: dataservice"
time="2026-05-18 15:02:29.125" level=info msg="Login server received message from 127.0.0.1:44022 - MsgID:1001(MSG_LOGIN_REQ)"
time="2026-05-18 15:02:29.125" level=info msg="Login request: Account=bighat, DeviceID=web-client"
time="2026-05-18 15:02:29.125" level=error msg="Failed to get account:no service found: dataservice"
time="2026-05-18 15:03:01.366" level=info msg="Login server received message from 127.0.0.1:44022 - MsgID:1001(MSG_LOGIN_REQ)"
time="2026-05-18 15:03:01.366" level=info msg="Login request: Account=bighat, DeviceID=web-client"
time="2026-05-18 15:03:01.367" level=error msg="Failed to get account:no service found: dataservice"
time="2026-05-18 15:03:04.765" level=info msg="Login server received message from 127.0.0.1:44022 - MsgID:1001(MSG_LOGIN_REQ)"
time="2026-05-18 15:03:04.765" level=info msg="Login request: Account=bighat, DeviceID=web-client"
time="2026-05-18 15:03:04.765" level=error msg="Failed to get account:no service found: dataservice"
time="2026-05-18 15:03:13.825" level=info msg="Login server received message from 127.0.0.1:44022 - MsgID:1001(MSG_LOGIN_REQ)"
time="2026-05-18 15:03:13.826" level=info msg="Login request: Account=bighat, DeviceID=web-client"
time="2026-05-18 15:03:13.827" level=error msg="Failed to get account:no service found: dataservice"
time="2026-05-18 15:03:17.471" level=info msg="Login server received message from 127.0.0.1:44022 - MsgID:1001(MSG_LOGIN_REQ)"
time="2026-05-18 15:03:17.471" level=info msg="Login request: Account=bighat, DeviceID=web-client"
time="2026-05-18 15:03:17.472" level=error msg="Failed to get account:no service found: dataservice"
time="2026-05-18 15:04:13.581" level=info msg="Login server received message from 127.0.0.1:44022 - MsgID:1001(MSG_LOGIN_REQ)"
time="2026-05-18 15:04:13.581" level=info msg="Login request: Account=bighat, DeviceID=web-client"
time="2026-05-18 15:04:13.582" level=error msg="Failed to get account:no service found: dataservice"
time="2026-05-18 15:04:19.747" level=info msg="Login server received message from 127.0.0.1:44022 - MsgID:1001(MSG_LOGIN_REQ)"
time="2026-05-18 15:04:19.747" level=info msg="Login request: Account=bighat, DeviceID=web-client"
time="2026-05-18 15:04:19.748" level=error msg="Failed to get account:no service found: dataservice"
time="2026-05-18 15:04:29.475" level=info msg="Login server received message from 127.0.0.1:44022 - MsgID:1001(MSG_LOGIN_REQ)"
time="2026-05-18 15:04:29.475" level=info msg="Login request: Account=bighat, DeviceID=web-client"
time="2026-05-18 15:04:29.476" level=error msg="Failed to get account:no service found: dataservice"
time="2026-05-18 15:04:41.448" level=info msg="Login server received message from 127.0.0.1:44022 - MsgID:1001(MSG_LOGIN_REQ)"
time="2026-05-18 15:04:47.028" level=info msg="Login request: Account=bighat, DeviceID=web-client"
time="2026-05-18 15:05:07.961" level=error msg="Failed to get account:no service found: dataservice"
time="2026-05-18 15:05:37.642" level=info msg="Login server received message from 127.0.0.1:44022 - MsgID:1001(MSG_LOGIN_REQ)"
time="2026-05-18 15:05:44.479" level=info msg="Login request: Account=bighat, DeviceID=web-client"
time="2026-05-18 15:06:02.045" level=error msg="Failed to get account:no service found: dataservice"
time="2026-05-18 15:06:59.574" level=info msg="Connection closed with error: 127.0.0.1:44022 - EOF"
time="2026-05-18 15:06:59.574" level=info msg="Connection closed: 127.0.0.1:44022"
time="2026-05-18 15:17:28.313" level=info msg="Login server using log config: Path=./logs, Level=info"
time="2026-05-18 15:17:28.313" level=info msg="Initializing snowflake with workerID: 1"
time="2026-05-18 15:17:28.313" level=info msg="Connecting to Redis at localhost:6379"
time="2026-05-18 15:17:28.314" level=info msg="Connected to Redis successfully"
time="2026-05-18 15:17:28.314" level=info msg="Connecting to etcd at localhost:2379"
time="2026-05-18 15:17:28.316" level=info msg="Connected to etcd successfully"
time="2026-05-18 15:17:28.316" level=info msg="Registering login service at :7061"
time="2026-05-18 15:17:28.322" level=info msg="Log server set to: :7070"
time="2026-05-18 15:17:28.324" level=info msg="Creating LoginHandler and starting network server"
time="2026-05-18 15:17:28.324" level=info msg="Login server started successfully on :7061"
time="2026-05-18 15:17:28.325" level=info msg="Network server started on :7061"
time="2026-05-18 15:19:08.884" level=info msg="Login server using log config: Path=./logs, Level=info"
time="2026-05-18 15:19:08.884" level=info msg="Initializing snowflake with workerID: 1"
time="2026-05-18 15:19:08.884" level=info msg="Connecting to Redis at localhost:6379"
time="2026-05-18 15:19:08.885" level=info msg="Connected to Redis successfully"
time="2026-05-18 15:19:08.885" level=info msg="Connecting to etcd at localhost:2379"
time="2026-05-18 15:19:08.887" level=info msg="Connected to etcd successfully"
time="2026-05-18 15:19:08.887" level=info msg="Registering login service at :7061"
time="2026-05-18 15:19:08.893" level=info msg="Log server set to: :7070"
time="2026-05-18 15:19:08.895" level=info msg="Creating LoginHandler and starting network server"
time="2026-05-18 15:19:08.895" level=info msg="Login server started successfully on :7061"
time="2026-05-18 15:19:08.896" level=info msg="Network server started on :7061"
time="2026-05-18 15:19:17.801" level=info msg="New connection from: 127.0.0.1:34578"
time="2026-05-18 15:19:17.802" level=info msg="Login server received message from 127.0.0.1:34578 - MsgID:1001(MSG_LOGIN_REQ)"
time="2026-05-18 15:19:17.802" level=info msg="Login request: Account=bighat, DeviceID=web-client"
time="2026-05-18 15:19:17.803" level=info msg="Established new connection to :7066 (Data)"
time="2026-05-18 15:19:17.803" level=error msg="Failed to get account:unexpected end of JSON input"
time="2026-05-18 15:21:36.579" level=info msg="Login server using log config: Path=./logs, Level=info"
time="2026-05-18 15:21:36.579" level=info msg="Initializing snowflake with workerID: 1"
time="2026-05-18 15:21:36.579" level=info msg="Connecting to Redis at localhost:6379"
time="2026-05-18 15:21:36.580" level=info msg="Connected to Redis successfully"
time="2026-05-18 15:21:36.580" level=info msg="Connecting to etcd at localhost:2379"
time="2026-05-18 15:21:36.582" level=info msg="Connected to etcd successfully"
time="2026-05-18 15:21:36.582" level=info msg="Registering login service at :7061"
time="2026-05-18 15:21:36.588" level=info msg="Log server set to: :7070"
time="2026-05-18 15:21:36.589" level=info msg="Creating LoginHandler and starting network server"
time="2026-05-18 15:21:36.589" level=info msg="Login server started successfully on :7061"
time="2026-05-18 15:21:36.590" level=info msg="Network server started on :7061"
time="2026-05-18 15:21:45.849" level=info msg="New connection from: 127.0.0.1:50254"
time="2026-05-18 15:21:45.850" level=info msg="Login server received message from 127.0.0.1:50254 - MsgID:1001(MSG_LOGIN_REQ)"
time="2026-05-18 15:21:45.850" level=info msg="Login request: Account=bighat, DeviceID=web-client"
time="2026-05-18 15:21:45.851" level=info msg="Established new connection to :7066 (Data)"
time="2026-05-18 15:21:45.857" level=info msg="Session created: SessionID=314784636913848320, PlayerID=1"
time="2026-05-18 15:21:45.857" level=info msg="Login successful: Account=bighat, PlayerID=1"
time="2026-05-18 15:31:38.483" level=info msg="Login server using log config: Path=./logs, Level=info"
time="2026-05-18 15:31:38.483" level=info msg="Initializing snowflake with workerID: 1"
time="2026-05-18 15:31:38.483" level=info msg="Connecting to Redis at localhost:6379"
time="2026-05-18 15:31:38.485" level=info msg="Connected to Redis successfully"
time="2026-05-18 15:31:38.485" level=info msg="Connecting to etcd at localhost:2379"
time="2026-05-18 15:31:38.491" level=info msg="Connected to etcd successfully"
time="2026-05-18 15:31:38.491" level=info msg="Registering login service at :7061"
time="2026-05-18 15:31:38.497" level=info msg="Log server set to: :7070"
time="2026-05-18 15:31:38.497" level=info msg="Creating LoginHandler and starting network server"
time="2026-05-18 15:31:38.497" level=info msg="Login server started successfully on :7061"
time="2026-05-18 15:31:38.498" level=info msg="Network server started on :7061"
time="2026-05-18 15:31:44.155" level=info msg="New connection from: 127.0.0.1:46496"
time="2026-05-18 15:31:44.155" level=info msg="Login server received message from 127.0.0.1:46496 - MsgID:1001(MSG_LOGIN_REQ)"
time="2026-05-18 15:31:44.156" level=info msg="Login request: Account=bighat, DeviceID=web-client"
time="2026-05-18 15:31:44.158" level=info msg="Established new connection to :7066 (Data)"
time="2026-05-18 15:31:44.165" level=info msg="Session created: SessionID=314787146403680256, PlayerID=1"
time="2026-05-18 15:31:44.165" level=info msg="Login successful: Account=bighat, PlayerID=1"
