time="2026-05-17 07:31:42.255" level=info msg="Web server starting..."
time="2026-05-17 07:31:42.255" level=info msg="Web server running on http://localhost:7062"
time="2026-05-17 07:34:04.697" level=info msg="Shutting down web server..."
time="2026-05-17 07:34:38.607" level=info msg="Web server starting..."
time="2026-05-17 07:34:38.608" level=info msg="Web server running on http://localhost:7062"
time="2026-05-17 07:39:47.255" level=info msg="Shutting down web server..."
time="2026-05-17 07:40:25.665" level=info msg="Web server starting..."
time="2026-05-17 07:40:25.665" level=info msg="Web server running on http://localhost:7062"
time="2026-05-17 07:48:09.351" level=info msg="Shutting down web server..."
time="2026-05-17 07:48:35.282" level=info msg="Web server starting..."
time="2026-05-17 07:48:35.282" level=info msg="Web server running on http://localhost:7062"
time="2026-05-17 07:48:35.282" level=info msg="Connecting to etcd at localhost:2379"
time="2026-05-17 07:48:35.284" level=info msg="Connected to etcd successfully"
time="2026-05-17 07:48:35.284" level=info msg="Registering webserver service at :7062"
time="2026-05-17 07:48:35.298" level=info msg="Webserver service registered successfully"
time="2026-05-17 07:48:35.298" level=info msg="Cluster registration successful, stopping reconnection attempts"
time="2026-05-17 08:02:31.103" level=info msg="Shutting down web server..."
time="2026-05-17 08:03:14.809" level=info msg="Web server starting..."
time="2026-05-17 08:03:14.810" level=info msg="Web server running on http://localhost:7062"
time="2026-05-17 08:03:14.810" level=info msg="Connecting to etcd at localhost:2379"
time="2026-05-17 08:03:14.811" level=info msg="Connected to etcd successfully"
time="2026-05-17 08:03:14.811" level=info msg="Registering webserver service at :7062"
time="2026-05-17 08:03:14.828" level=info msg="Webserver service registered successfully"
time="2026-05-17 08:03:14.828" level=info msg="Cluster registration successful, stopping reconnection attempts"
time="2026-05-17 08:06:12.980" level=info msg="Shutting down web server..."
time="2026-05-17 08:08:49.718" level=info msg="Web server starting..."
time="2026-05-17 08:08:49.718" level=info msg="Web server running on http://localhost:7062"
time="2026-05-17 08:08:49.718" level=info msg="Connecting to etcd at localhost:2379"
time="2026-05-17 08:08:49.719" level=info msg="Connected to etcd successfully"
time="2026-05-17 08:08:49.720" level=info msg="Registering webserver service at :7062"
time="2026-05-17 08:08:49.733" level=info msg="Webserver service registered successfully"
time="2026-05-17 08:08:49.733" level=info msg="Cluster registration successful, stopping reconnection attempts"
time="2026-05-17 08:30:01.800" level=info msg="Shutting down web server..."
time="2026-05-17 08:30:28.187" level=info msg="Web server starting..."
time="2026-05-17 08:30:28.187" level=info msg="Web server running on http://localhost:7062"
time="2026-05-17 08:30:28.188" level=info msg="Connecting to etcd at localhost:2379"
time="2026-05-17 08:30:28.190" level=info msg="Connected to etcd successfully"
time="2026-05-17 08:30:28.190" level=info msg="Registering webserver service at :7062"
time="2026-05-17 08:30:28.204" level=info msg="Webserver service registered successfully"
time="2026-05-17 08:30:28.204" level=info msg="Cluster registration successful, stopping reconnection attempts"
time="2026-05-17 08:55:35.477" level=info msg="Shutting down web server..."
time="2026-05-17 08:56:27.538" level=info msg="Web server starting..."
time="2026-05-17 08:56:27.538" level=info msg="Web server running on http://localhost:7062"
time="2026-05-17 08:56:27.539" level=info msg="Connecting to etcd at localhost:2379"
time="2026-05-17 08:56:27.540" level=info msg="Connected to etcd successfully"
time="2026-05-17 08:56:27.540" level=info msg="Registering webserver service at :7062"
time="2026-05-17 08:56:27.554" level=info msg="Webserver service registered successfully"
time="2026-05-17 08:56:27.554" level=info msg="Cluster registration successful, stopping reconnection attempts"
time="2026-05-17 08:59:01.493" level=info msg="Shutting down web server..."
time="2026-05-17 09:02:45.223" level=info msg="Web server starting..."
time="2026-05-17 09:02:45.223" level=info msg="Web server running on http://localhost:7062"
time="2026-05-17 09:02:45.224" level=info msg="Connecting to etcd at localhost:2379"
time="2026-05-17 09:02:45.225" level=info msg="Connected to etcd successfully"
time="2026-05-17 09:02:45.225" level=info msg="Registering webserver service at :7062"
time="2026-05-17 09:02:45.239" level=info msg="Webserver service registered successfully"
time="2026-05-17 09:02:45.239" level=info msg="Cluster registration successful, stopping reconnection attempts"
time="2026-05-17 09:04:13.026" level=info msg="Shutting down web server..."
time="2026-05-17 09:06:01.014" level=info msg="Web server starting..."
time="2026-05-17 09:06:01.014" level=info msg="Web server running on http://localhost:7062"
time="2026-05-17 09:06:01.014" level=info msg="Connecting to etcd at localhost:2379"
time="2026-05-17 09:06:01.015" level=info msg="Connected to etcd successfully"
time="2026-05-17 09:06:01.015" level=info msg="Registering webserver service at :7062"
time="2026-05-17 09:06:01.030" level=info msg="Webserver service registered successfully"
time="2026-05-17 09:06:01.030" level=info msg="Cluster registration successful, stopping reconnection attempts"
time="2026-05-17 09:13:01.490" level=info msg="Shutting down web server..."
time="2026-05-17 09:13:32.814" level=info msg="Web server starting..."
time="2026-05-17 09:13:32.815" level=info msg="Web server running on http://localhost:7062"
time="2026-05-17 09:13:32.815" level=info msg="Connecting to etcd at localhost:2379"
time="2026-05-17 09:13:32.818" level=info msg="Connected to etcd successfully"
time="2026-05-17 09:13:32.819" level=info msg="Registering webserver service at :7062"
time="2026-05-17 09:13:32.827" level=info msg="Webserver service registered successfully"
time="2026-05-17 09:13:32.827" level=info msg="Cluster registration successful, stopping reconnection attempts"
time="2026-05-17 11:48:44.100" level=info msg="Shutting down web server..."
